// Jest Snapshot v1, https://goo.gl/fbAQLP

exports[`App component renders App 1`] = `
<h1>
  let's cross some animals!
</h1>
`;
